// Jest Snapshot v1, https://goo.gl/fbAQLP

exports[`<DateSelector /> should render correctly 1`] = `
<div
  className="react-datepicker-wrapper"
>
  <div
    className="react-datepicker__input-container"
  >
    <input
      className=""
      disabled={false}
      onBlur={[Function]}
      onChange={[Function]}
      onClick={[Function]}
      onFocus={[Function]}
      onKeyDown={[Function]}
      readOnly={false}
      type="text"
      value="01/01/2016"
    />
  </div>
</div>
`;
